Lanzada por el usuario [8mha:////4ASAjq7C/sSB4sIzq+4BVAAZsrwMTV3jKz30sL1zmxUIAAAAlx+LCAAAAAAAAP9b85aBtbiIQTGjNKU4P08vOT+vOD8nVc83PyU1x6OyILUoJzMv2y+/JJUBAhiZGBgqihhk0NSjKDWzXb3RdlLBUSYGJk8GtpzUvPSSDB8G5tKinBIGIZ+sxLJE/ZzEvHT94JKizLx0a6BxUmjGOUNodHsLgAzWEgZu/dLi1CL9xJTczDwAj6GcLcAAAAA=[0madmin
Ejecutando.en el espacio de trabajo C:\Users\sergiog\.jenkins\workspace\Start_Docker_nodes
 > git.exe rev-parse --is-inside-work-tree # timeout=10
Fetching changes from the remote Git repository
 > git.exe config remote.origin.url https://github.com/sglezcasco/sgc-tfgii.git # timeout=10
Fetching upstream changes from https://github.com/sglezcasco/sgc-tfgii.git
 > git.exe --version # timeout=10
 > git.exe fetch --tags --progress https://github.com/sglezcasco/sgc-tfgii.git +refs/heads/*:refs/remotes/origin/*
 > git.exe rev-parse "refs/remotes/origin/master^{commit}" # timeout=10
 > git.exe rev-parse "refs/remotes/origin/origin/master^{commit}" # timeout=10
Checking out Revision 634aa09871a9b18a96eeec3dcf86235a056718f3 (refs/remotes/origin/master)
 > git.exe config core.sparsecheckout # timeout=10
 > git.exe checkout -f 634aa09871a9b18a96eeec3dcf86235a056718f3
Commit message: "update httpcore dependencies in pom.xml"
 > git.exe rev-list --no-walk e63db0eb75e1a383376692dd6f4b1f9ada2e6b3e # timeout=10
[Start_Docker_nodes] $ cmd /c call C:\Users\sergiog\AppData\Local\Temp\jenkins5671368371240618670.bat

C:\Users\sergiog\.jenkins\workspace\Start_Docker_nodes>docker -v 
Docker version 17.09.0-ce, build afdb6d4

C:\Users\sergiog\.jenkins\workspace\Start_Docker_nodes>docker-compose -v 
docker-compose version 1.16.1, build 6d1ac219

C:\Users\sergiog\.jenkins\workspace\Start_Docker_nodes>docker images 
REPOSITORY                    TAG                 IMAGE ID            CREATED             SIZE
phantomjs_servernode          latest              8fcfced9b93f        30 hours ago        10.9GB
hub_server                    latest              1b57c8a04c41        2 days ago          10.9GB
base_server                   latest              aa30122e19a6        2 days ago          10.8GB
microsoft/windowsservercore   latest              8d57c0984795        5 days ago          10.5GB

C:\Users\sergiog\.jenkins\workspace\Start_Docker_nodes>cd Scripts_DockerWindows 

C:\Users\sergiog\.jenkins\workspace\Start_Docker_nodes\Scripts_DockerWindows>docker ps -a 
CONTAINER ID        IMAGE               COMMAND             CREATED             STATUS              PORTS               NAMES

C:\Users\sergiog\.jenkins\workspace\Start_Docker_nodes\Scripts_DockerWindows>docker-compose ps 
Name   Command   State   Ports
------------------------------

C:\Users\sergiog\.jenkins\workspace\Start_Docker_nodes\Scripts_DockerWindows>docker-compose up 
Creating network "scriptsdockerwindows_default" with the default driver
Creating selenium-phantomjs ... 
Creating selenium-hub ... 
Creating selenium-phantomjs
Creating selenium-hub
[1A[2KCreating selenium-hub ... [32mdone[0m[1B[1A[2KCreating selenium-phantomjs ... [32mdone[0m[1BAttaching to selenium-hub, selenium-phantomjs
[36mselenium-hub      |[0m 12:53:49.407 INFO - Selenium build info: version: '3.7.1', revision: '8a0099a'
[36mselenium-hub      |[0m 12:53:49.407 INFO - Launching Selenium Grid hub
[36mselenium-hub      |[0m 2018-03-18 12:53:51.031:INFO::main: Logging initialized @2635ms to org.seleniumhq.jetty9.util.log.StdErrLog
[36mselenium-hub      |[0m 12:53:51.079 INFO - Will listen on 4444
[36mselenium-hub      |[0m 2018-03-18 12:53:51.234:INFO:osjs.Server:main: jetty-9.4.5.v20170502
[36mselenium-hub      |[0m 2018-03-18 12:53:51.297:INFO:osjs.session:main: DefaultSessionIdManager workerName=node0
[36mselenium-hub      |[0m 2018-03-18 12:53:51.297:INFO:osjs.session:main: No SessionScavenger set, using defaults
[36mselenium-hub      |[0m 2018-03-18 12:53:51.297:INFO:osjs.session:main: Scavenging every 600000ms
[36mselenium-hub      |[0m 2018-03-18 12:53:51.313:INFO:osjsh.ContextHandler:main: Started o.s.j.s.ServletContextHandler@5fdba6f9{/,null,AVAILABLE}
[36mselenium-hub      |[0m 2018-03-18 12:53:51.344:INFO:osjs.AbstractConnector:main: Started ServerConnector@543e710e{HTTP/1.1,[http/1.1]}{0.0.0.0:4444}
[36mselenium-hub      |[0m 2018-03-18 12:53:51.344:INFO:osjs.Server:main: Started @2959ms
[36mselenium-hub      |[0m 12:53:51.344 INFO - Nodes should register to http://172.23.76.214:4444/grid/register/
[36mselenium-hub      |[0m 12:53:51.344 INFO - Selenium Grid hub is up and running
[33mselenium-phantomjs |[0m PhantomJS is launching GhostDriver...
[33mselenium-phantomjs |[0m [INFO  - 2018-03-18T20:54:21.053Z] GhostDriver - Main - running on port 8083
[33mselenium-phantomjs |[0m [INFO  - 2018-03-18T20:54:21.053Z] GhostDriver - Main - registering to Selenium HUB 'http://192.168.43.247:4444' using '172.23.79.73:8083'
[36mselenium-hub      |[0m 12:54:21.387 INFO - Registered a node http://172.23.79.73:8083
[33mselenium-phantomjs |[0m [INFO  - 2018-03-18T20:54:21.404Z] HUB Register - register - Registered with grid hub: http://192.168.43.247:4444/ (ok)
[36mselenium-hub      |[0m 12:55:13.272 INFO - Got a request to create a new session: Capabilities {browserName: phantomjs, javascriptEnabled: true, phantomjs.cli.args: [--ignore-ssl-errors=true, --ssl-protocol=tlsv1, --web-security=false, --webdriver-loglevel=OFF, --webdriver-loglevel=NONE], takesScreenshot: false, version: }
[36mselenium-hub      |[0m 12:55:13.272 INFO - Trying to create a new session on test slot {seleniumProtocol=WebDriver, browserName=phantomjs, maxInstances=1}
[33mselenium-phantomjs |[0m [INFO  - 2018-03-18T20:55:13.343Z] Session [a75ea1a0-2aee-11e8-934d-0de3754e2ffd] - page.settings - {"XSSAuditingEnabled":false,"javascriptCanCloseWindows":true,"javascriptCanOpenWindows":true,"javascriptEnabled":true,"loadImages":true,"localToRemoteUrlAccessEnabled":false,"userAgent":"Mozilla/5.0 (Windows NT 6.2; WOW64) AppleWebKit/534.34 (KHTML, like Gecko) PhantomJS/1.9.7 Safari/534.34","webSecurityEnabled":true}
[33mselenium-phantomjs |[0m [INFO  - 2018-03-18T20:55:13.343Z] Session [a75ea1a0-2aee-11e8-934d-0de3754e2ffd] - page.customHeaders:  - {}
[33mselenium-phantomjs |[0m [INFO  - 2018-03-18T20:55:13.344Z] Session [a75ea1a0-2aee-11e8-934d-0de3754e2ffd] - Session.negotiatedCapabilities - {"browserName":"phantomjs","version":"1.9.7","driverName":"ghostdriver","driverVersion":"1.1.0","platform":"windows-8-32bit","javascriptEnabled":true,"takesScreenshot":false,"handlesAlerts":false,"databaseEnabled":false,"locationContextEnabled":false,"applicationCacheEnabled":false,"browserConnectionEnabled":false,"cssSelectorsEnabled":true,"webStorageEnabled":false,"rotatable":false,"acceptSslCerts":false,"nativeEvents":true,"proxy":{"proxyType":"direct"}}
[33mselenium-phantomjs |[0m [INFO  - 2018-03-18T20:55:13.344Z] SessionManagerReqHand - _postNewSessionCommand - New Session Created: a75ea1a0-2aee-11e8-934d-0de3754e2ffd
[33mselenium-phantomjs |[0m [ERROR - 2018-03-18T20:55:16.043Z] Session [a75ea1a0-2aee-11e8-934d-0de3754e2ffd] - page.onError - msg: TypeError: 'undefined' is not an object (evaluating '$$$1.fn')
[33mselenium-phantomjs |[0m [ERROR - 2018-03-18T20:55:16.043Z] Session [a75ea1a0-2aee-11e8-934d-0de3754e2ffd] - page.onError - stack:
[33mselenium-phantomjs |[0m   setTransitionEndSupport (http://www.sgc-tfgii.es/bootstrap-4.0.0/js/bootstrap.js:116)
[33mselenium-phantomjs |[0m   (anonymous function) (http://www.sgc-tfgii.es/bootstrap-4.0.0/js/bootstrap.js:191)
[33mselenium-phantomjs |[0m   (anonymous function) (http://www.sgc-tfgii.es/bootstrap-4.0.0/js/bootstrap.js:193)
[33mselenium-phantomjs |[0m   (anonymous function) (http://www.sgc-tfgii.es/bootstrap-4.0.0/js/bootstrap.js:9)
[33mselenium-phantomjs |[0m   (anonymous function) (http://www.sgc-tfgii.es/bootstrap-4.0.0/js/bootstrap.js:3893)
[33mselenium-phantomjs |[0m [ERROR - 2018-03-18T20:55:23.842Z] Session [a75ea1a0-2aee-11e8-934d-0de3754e2ffd] - page.onError - msg: TypeError: 'undefined' is not an object (evaluating '$$$1.fn')
[33mselenium-phantomjs |[0m [ERROR - 2018-03-18T20:55:23.842Z] Session [a75ea1a0-2aee-11e8-934d-0de3754e2ffd] - page.onError - stack:
[33mselenium-phantomjs |[0m   setTransitionEndSupport (http://www.sgc-tfgii.es/bootstrap-4.0.0/js/bootstrap.js:116)
[33mselenium-phantomjs |[0m   (anonymous function) (http://www.sgc-tfgii.es/bootstrap-4.0.0/js/bootstrap.js:191)
[33mselenium-phantomjs |[0m   (anonymous function) (http://www.sgc-tfgii.es/bootstrap-4.0.0/js/bootstrap.js:193)
[33mselenium-phantomjs |[0m   (anonymous function) (http://www.sgc-tfgii.es/bootstrap-4.0.0/js/bootstrap.js:9)
[33mselenium-phantomjs |[0m   (anonymous function) (http://www.sgc-tfgii.es/bootstrap-4.0.0/js/bootstrap.js:3893)
[33mselenium-phantomjs |[0m [ERROR - 2018-03-18T20:55:59.107Z] WebElementLocator - _handleLocateCommand - Element(s) NOT Found: GAVE UP. Search Stop Time: 1521406559058
[33mselenium-phantomjs |[0m [ERROR - 2018-03-18T20:56:05.822Z] Session [a75ea1a0-2aee-11e8-934d-0de3754e2ffd] - page.onError - msg: TypeError: 'undefined' is not an object (evaluating '$$$1.fn')
[33mselenium-phantomjs |[0m [ERROR - 2018-03-18T20:56:05.822Z] Session [a75ea1a0-2aee-11e8-934d-0de3754e2ffd] - page.onError - stack:
[33mselenium-phantomjs |[0m   setTransitionEndSupport (http://www.sgc-tfgii.es/bootstrap-4.0.0/js/bootstrap.js:116)
[33mselenium-phantomjs |[0m   (anonymous function) (http://www.sgc-tfgii.es/bootstrap-4.0.0/js/bootstrap.js:191)
[33mselenium-phantomjs |[0m   (anonymous function) (http://www.sgc-tfgii.es/bootstrap-4.0.0/js/bootstrap.js:193)
[33mselenium-phantomjs |[0m   (anonymous function) (http://www.sgc-tfgii.es/bootstrap-4.0.0/js/bootstrap.js:9)
[33mselenium-phantomjs |[0m   (anonymous function) (http://www.sgc-tfgii.es/bootstrap-4.0.0/js/bootstrap.js:3893)
[36mselenium-hub      |[0m 12:56:10.999 INFO - Got a request to create a new session: Capabilities {browserName: phantomjs, javascriptEnabled: true, phantomjs.cli.args: [--ignore-ssl-errors=true, --ssl-protocol=tlsv1, --web-security=false, --webdriver-loglevel=OFF, --webdriver-loglevel=NONE], takesScreenshot: false, version: }
[36mselenium-hub      |[0m 12:56:10.999 INFO - Trying to create a new session on test slot {seleniumProtocol=WebDriver, browserName=phantomjs, maxInstances=1}
[33mselenium-phantomjs |[0m [INFO  - 2018-03-18T20:56:11.037Z] Session [c9c082e0-2aee-11e8-934d-0de3754e2ffd] - page.settings - {"XSSAuditingEnabled":false,"javascriptCanCloseWindows":true,"javascriptCanOpenWindows":true,"javascriptEnabled":true,"loadImages":true,"localToRemoteUrlAccessEnabled":false,"userAgent":"Mozilla/5.0 (Windows NT 6.2; WOW64) AppleWebKit/534.34 (KHTML, like Gecko) PhantomJS/1.9.7 Safari/534.34","webSecurityEnabled":true}
[33mselenium-phantomjs |[0m [INFO  - 2018-03-18T20:56:11.037Z] Session [c9c082e0-2aee-11e8-934d-0de3754e2ffd] - page.customHeaders:  - {}
[33mselenium-phantomjs |[0m [INFO  - 2018-03-18T20:56:11.037Z] Session [c9c082e0-2aee-11e8-934d-0de3754e2ffd] - Session.negotiatedCapabilities - {"browserName":"phantomjs","version":"1.9.7","driverName":"ghostdriver","driverVersion":"1.1.0","platform":"windows-8-32bit","javascriptEnabled":true,"takesScreenshot":false,"handlesAlerts":false,"databaseEnabled":false,"locationContextEnabled":false,"applicationCacheEnabled":false,"browserConnectionEnabled":false,"cssSelectorsEnabled":true,"webStorageEnabled":false,"rotatable":false,"acceptSslCerts":false,"nativeEvents":true,"proxy":{"proxyType":"direct"}}
[33mselenium-phantomjs |[0m [INFO  - 2018-03-18T20:56:11.038Z] SessionManagerReqHand - _postNewSessionCommand - New Session Created: c9c082e0-2aee-11e8-934d-0de3754e2ffd
[33mselenium-phantomjs |[0m [ERROR - 2018-03-18T20:56:11.463Z] Session [c9c082e0-2aee-11e8-934d-0de3754e2ffd] - page.onError - msg: TypeError: 'undefined' is not an object (evaluating '$$$1.fn')
[33mselenium-phantomjs |[0m [ERROR - 2018-03-18T20:56:11.463Z] Session [c9c082e0-2aee-11e8-934d-0de3754e2ffd] - page.onError - stack:
[33mselenium-phantomjs |[0m   setTransitionEndSupport (http://www.sgc-tfgii.es/bootstrap-4.0.0/js/bootstrap.js:116)
[33mselenium-phantomjs |[0m   (anonymous function) (http://www.sgc-tfgii.es/bootstrap-4.0.0/js/bootstrap.js:191)
[33mselenium-phantomjs |[0m   (anonymous function) (http://www.sgc-tfgii.es/bootstrap-4.0.0/js/bootstrap.js:193)
[33mselenium-phantomjs |[0m   (anonymous function) (http://www.sgc-tfgii.es/bootstrap-4.0.0/js/bootstrap.js:9)
[33mselenium-phantomjs |[0m   (anonymous function) (http://www.sgc-tfgii.es/bootstrap-4.0.0/js/bootstrap.js:3893)
[33mselenium-phantomjs |[0m [ERROR - 2018-03-18T20:56:15.523Z] Session [c9c082e0-2aee-11e8-934d-0de3754e2ffd] - page.onError - msg: TypeError: 'undefined' is not an object (evaluating '$$$1.fn')
[33mselenium-phantomjs |[0m [ERROR - 2018-03-18T20:56:15.523Z] Session [c9c082e0-2aee-11e8-934d-0de3754e2ffd] - page.onError - stack:
[33mselenium-phantomjs |[0m   setTransitionEndSupport (http://www.sgc-tfgii.es/bootstrap-4.0.0/js/bootstrap.js:116)
[33mselenium-phantomjs |[0m   (anonymous function) (http://www.sgc-tfgii.es/bootstrap-4.0.0/js/bootstrap.js:191)
[33mselenium-phantomjs |[0m   (anonymous function) (http://www.sgc-tfgii.es/bootstrap-4.0.0/js/bootstrap.js:193)
[33mselenium-phantomjs |[0m   (anonymous function) (http://www.sgc-tfgii.es/bootstrap-4.0.0/js/bootstrap.js:9)
[33mselenium-phantomjs |[0m   (anonymous function) (http://www.sgc-tfgii.es/bootstrap-4.0.0/js/bootstrap.js:3893)
[33mselenium-phantomjs |[0m [ERROR - 2018-03-18T20:56:27.788Z] Session [c9c082e0-2aee-11e8-934d-0de3754e2ffd] - page.onError - msg: TypeError: 'undefined' is not an object (evaluating '$$$1.fn')
[33mselenium-phantomjs |[0m [ERROR - 2018-03-18T20:56:27.789Z] Session [c9c082e0-2aee-11e8-934d-0de3754e2ffd] - page.onError - stack:
[33mselenium-phantomjs |[0m   setTransitionEndSupport (http://www.sgc-tfgii.es/bootstrap-4.0.0/js/bootstrap.js:116)
[33mselenium-phantomjs |[0m   (anonymous function) (http://www.sgc-tfgii.es/bootstrap-4.0.0/js/bootstrap.js:191)
[33mselenium-phantomjs |[0m   (anonymous function) (http://www.sgc-tfgii.es/bootstrap-4.0.0/js/bootstrap.js:193)
[33mselenium-phantomjs |[0m   (anonymous function) (http://www.sgc-tfgii.es/bootstrap-4.0.0/js/bootstrap.js:9)
[33mselenium-phantomjs |[0m   (anonymous function) (http://www.sgc-tfgii.es/bootstrap-4.0.0/js/bootstrap.js:3893)
[33mselenium-phantomjs |[0m [ERROR - 2018-03-18T20:56:33.626Z] Session [c9c082e0-2aee-11e8-934d-0de3754e2ffd] - page.onError - msg: TypeError: 'undefined' is not an object (evaluating '$$$1.fn')
[33mselenium-phantomjs |[0m [ERROR - 2018-03-18T20:56:33.626Z] Session [c9c082e0-2aee-11e8-934d-0de3754e2ffd] - page.onError - stack:
[33mselenium-phantomjs |[0m   setTransitionEndSupport (http://www.sgc-tfgii.es/bootstrap-4.0.0/js/bootstrap.js:116)
[33mselenium-phantomjs |[0m   (anonymous function) (http://www.sgc-tfgii.es/bootstrap-4.0.0/js/bootstrap.js:191)
[33mselenium-phantomjs |[0m   (anonymous function) (http://www.sgc-tfgii.es/bootstrap-4.0.0/js/bootstrap.js:193)
[33mselenium-phantomjs |[0m   (anonymous function) (http://www.sgc-tfgii.es/bootstrap-4.0.0/js/bootstrap.js:9)
[33mselenium-phantomjs |[0m   (anonymous function) (http://www.sgc-tfgii.es/bootstrap-4.0.0/js/bootstrap.js:3893)
[36mselenium-hub exited with code 4294967295
[0m[33mselenium-phantomjs exited with code 4294967295
[0m
C:\Users\sergiog\.jenkins\workspace\Start_Docker_nodes\Scripts_DockerWindows>docker-compose ps 
Name   Command   State   Ports
------------------------------

C:\Users\sergiog\.jenkins\workspace\Start_Docker_nodes\Scripts_DockerWindows>docker ps -a 
CONTAINER ID        IMAGE               COMMAND             CREATED             STATUS              PORTS               NAMES

C:\Users\sergiog\.jenkins\workspace\Start_Docker_nodes\Scripts_DockerWindows>exit 0 
Finished: SUCCESS
