Lanzada por el usuario [8mha:////4ASAjq7C/sSB4sIzq+4BVAAZsrwMTV3jKz30sL1zmxUIAAAAlx+LCAAAAAAAAP9b85aBtbiIQTGjNKU4P08vOT+vOD8nVc83PyU1x6OyILUoJzMv2y+/JJUBAhiZGBgqihhk0NSjKDWzXb3RdlLBUSYGJk8GtpzUvPSSDB8G5tKinBIGIZ+sxLJE/ZzEvHT94JKizLx0a6BxUmjGOUNodHsLgAzWEgZu/dLi1CL9xJTczDwAj6GcLcAAAAA=[0madmin
Ejecutando.en el espacio de trabajo C:\Users\sergiog\.jenkins\workspace\Start_Docker_nodes
 > git.exe rev-parse --is-inside-work-tree # timeout=10
Fetching changes from the remote Git repository
 > git.exe config remote.origin.url https://github.com/sglezcasco/sgc-tfgii.git # timeout=10
Fetching upstream changes from https://github.com/sglezcasco/sgc-tfgii.git
 > git.exe --version # timeout=10
 > git.exe fetch --tags --progress https://github.com/sglezcasco/sgc-tfgii.git +refs/heads/*:refs/remotes/origin/*
 > git.exe rev-parse "refs/remotes/origin/master^{commit}" # timeout=10
 > git.exe rev-parse "refs/remotes/origin/origin/master^{commit}" # timeout=10
Checking out Revision 8843aea6a27c25066260f202cc8bbea303227d70 (refs/remotes/origin/master)
 > git.exe config core.sparsecheckout # timeout=10
 > git.exe checkout -f 8843aea6a27c25066260f202cc8bbea303227d70
Commit message: "update download jenkins powershell script"
 > git.exe rev-list --no-walk 634aa09871a9b18a96eeec3dcf86235a056718f3 # timeout=10
[Start_Docker_nodes] $ cmd /c call C:\Users\sergiog\AppData\Local\Temp\jenkins5626361414853291224.bat

C:\Users\sergiog\.jenkins\workspace\Start_Docker_nodes>docker -v 
Docker version 17.09.0-ce, build afdb6d4

C:\Users\sergiog\.jenkins\workspace\Start_Docker_nodes>docker-compose -v 
docker-compose version 1.16.1, build 6d1ac219

C:\Users\sergiog\.jenkins\workspace\Start_Docker_nodes>docker images 
REPOSITORY                    TAG                 IMAGE ID            CREATED             SIZE
phantomjs_servernode          latest              8fcfced9b93f        33 hours ago        10.9GB
hub_server                    latest              1b57c8a04c41        2 days ago          10.9GB
base_server                   latest              aa30122e19a6        2 days ago          10.8GB
microsoft/windowsservercore   latest              8d57c0984795        5 days ago          10.5GB

C:\Users\sergiog\.jenkins\workspace\Start_Docker_nodes>cd Scripts_DockerWindows 

C:\Users\sergiog\.jenkins\workspace\Start_Docker_nodes\Scripts_DockerWindows>docker ps -a 
CONTAINER ID        IMAGE               COMMAND             CREATED             STATUS              PORTS               NAMES

C:\Users\sergiog\.jenkins\workspace\Start_Docker_nodes\Scripts_DockerWindows>docker-compose ps 
Name   Command   State   Ports
------------------------------

C:\Users\sergiog\.jenkins\workspace\Start_Docker_nodes\Scripts_DockerWindows>docker-compose up 
Creating network "scriptsdockerwindows_default" with the default driver
Creating selenium-phantomjs ... 
Creating selenium-hub ... 
Creating selenium-phantomjs
Creating selenium-hub
[1A[2KCreating selenium-hub ... [32mdone[0m[1B[1A[2KCreating selenium-phantomjs ... [32mdone[0m[1BAttaching to selenium-hub, selenium-phantomjs
[36mselenium-hub      |[0m 15:50:16.102 INFO - Selenium build info: version: '3.7.1', revision: '8a0099a'
[36mselenium-hub      |[0m 15:50:16.198 INFO - Launching Selenium Grid hub
[33mselenium-phantomjs |[0m PhantomJS is launching GhostDriver...
[33mselenium-phantomjs |[0m [INFO  - 2018-03-18T23:51:10.877Z] GhostDriver - Main - running on port 8083
[33mselenium-phantomjs |[0m [INFO  - 2018-03-18T23:51:10.878Z] GhostDriver - Main - registering to Selenium HUB 'http://192.168.43.247:4444' using '172.25.73.99:8083'
[36mselenium-hub      |[0m 2018-03-18 15:51:22.914:INFO::main: Logging initialized @111029ms to org.seleniumhq.jetty9.util.log.StdErrLog
[36mselenium-hub      |[0m 15:51:25.357 INFO - Will listen on 4444
[36mselenium-hub      |[0m 2018-03-18 15:51:29.523:INFO:osjs.Server:main: jetty-9.4.5.v20170502
[36mselenium-hub      |[0m 2018-03-18 15:51:32.724:INFO:osjs.session:main: DefaultSessionIdManager workerName=node0
[36mselenium-hub      |[0m 2018-03-18 15:51:32.724:INFO:osjs.session:main: No SessionScavenger set, using defaults
[36mselenium-hub      |[0m 2018-03-18 15:51:32.891:INFO:osjs.session:main: Scavenging every 600000ms
[36mselenium-hub      |[0m 2018-03-18 15:51:33.157:INFO:osjsh.ContextHandler:main: Started o.s.j.s.ServletContextHandler@17211155{/,null,AVAILABLE}
[36mselenium-hub      |[0m 2018-03-18 15:51:35.345:INFO:osjs.AbstractConnector:main: Started ServerConnector@5427c60c{HTTP/1.1,[http/1.1]}{0.0.0.0:4444}
[36mselenium-hub      |[0m 2018-03-18 15:51:35.345:INFO:osjs.Server:main: Started @123461ms
[36mselenium-hub      |[0m 15:51:35.345 INFO - Nodes should register to http://172.25.73.79:4444/grid/register/
[36mselenium-hub      |[0m 15:51:35.345 INFO - Selenium Grid hub is up and running
[36mselenium-hub      |[0m 15:51:45.662 INFO - Registered a node http://172.25.73.99:8083
[33mselenium-phantomjs |[0m [INFO  - 2018-03-18T23:51:45.937Z] HUB Register - register - Registered with grid hub: http://192.168.43.247:4444/ (ok)
[36mselenium-hub      |[0m 16:32:05.883 INFO - Registered a node http://169.254.3.218:5555
[36mselenium-hub      |[0m 16:32:26.496 INFO - Marking the node http://169.254.3.218:5555 as down: cannot reach the node for 2 tries
[36mselenium-hub      |[0m 16:33:26.606 INFO - Unregistering the node http://169.254.3.218:5555 because it's been down for 60110 milliseconds
[36mselenium-hub      |[0m 16:33:26.606 WARN - Cleaning up stale test sessions on the unregistered node http://169.254.3.218:5555
[36mselenium-hub      |[0m 16:33:27.082 INFO - Registered a node http://169.254.3.218:5555
[36mselenium-hub      |[0m 16:33:47.105 INFO - Marking the node http://169.254.3.218:5555 as down: cannot reach the node for 2 tries
[36mselenium-hub      |[0m 16:34:25.462 INFO - Got a request to create a new session: Capabilities {browserName: phantomjs, javascriptEnabled: true, phantomjs.cli.args: [--ignore-ssl-errors=true, --ssl-protocol=tlsv1, --web-security=false, --webdriver-loglevel=OFF, --webdriver-loglevel=NONE], takesScreenshot: false, version: }
[36mselenium-hub      |[0m 16:34:25.478 INFO - Trying to create a new session on test slot {seleniumProtocol=WebDriver, browserName=phantomjs, maxInstances=1}
[33mselenium-phantomjs |[0m [INFO  - 2018-03-19T00:34:27.627Z] Session [475608b0-2b0d-11e8-8211-4b1b3b7dee10] - page.settings - {"XSSAuditingEnabled":false,"javascriptCanCloseWindows":true,"javascriptCanOpenWindows":true,"javascriptEnabled":true,"loadImages":true,"localToRemoteUrlAccessEnabled":false,"userAgent":"Mozilla/5.0 (Windows NT 6.2; WOW64) AppleWebKit/534.34 (KHTML, like Gecko) PhantomJS/1.9.7 Safari/534.34","webSecurityEnabled":true}
[33mselenium-phantomjs |[0m [INFO  - 2018-03-19T00:34:27.628Z] Session [475608b0-2b0d-11e8-8211-4b1b3b7dee10] - page.customHeaders:  - {}
[33mselenium-phantomjs |[0m [INFO  - 2018-03-19T00:34:27.628Z] Session [475608b0-2b0d-11e8-8211-4b1b3b7dee10] - Session.negotiatedCapabilities - {"browserName":"phantomjs","version":"1.9.7","driverName":"ghostdriver","driverVersion":"1.1.0","platform":"windows-8-32bit","javascriptEnabled":true,"takesScreenshot":false,"handlesAlerts":false,"databaseEnabled":false,"locationContextEnabled":false,"applicationCacheEnabled":false,"browserConnectionEnabled":false,"cssSelectorsEnabled":true,"webStorageEnabled":false,"rotatable":false,"acceptSslCerts":false,"nativeEvents":true,"proxy":{"proxyType":"direct"}}
[33mselenium-phantomjs |[0m [INFO  - 2018-03-19T00:34:27.628Z] SessionManagerReqHand - _postNewSessionCommand - New Session Created: 475608b0-2b0d-11e8-8211-4b1b3b7dee10
[33mselenium-phantomjs |[0m [ERROR - 2018-03-19T00:34:34.228Z] Session [475608b0-2b0d-11e8-8211-4b1b3b7dee10] - page.onError - msg: TypeError: 'undefined' is not an object (evaluating '$$$1.fn')
[33mselenium-phantomjs |[0m [ERROR - 2018-03-19T00:34:34.228Z] Session [475608b0-2b0d-11e8-8211-4b1b3b7dee10] - page.onError - stack:
[33mselenium-phantomjs |[0m   setTransitionEndSupport (http://www.sgc-tfgii.es/bootstrap-4.0.0/js/bootstrap.js:116)
[33mselenium-phantomjs |[0m   (anonymous function) (http://www.sgc-tfgii.es/bootstrap-4.0.0/js/bootstrap.js:191)
[33mselenium-phantomjs |[0m   (anonymous function) (http://www.sgc-tfgii.es/bootstrap-4.0.0/js/bootstrap.js:193)
[33mselenium-phantomjs |[0m   (anonymous function) (http://www.sgc-tfgii.es/bootstrap-4.0.0/js/bootstrap.js:9)
[33mselenium-phantomjs |[0m   (anonymous function) (http://www.sgc-tfgii.es/bootstrap-4.0.0/js/bootstrap.js:3893)
[33mselenium-phantomjs |[0m [ERROR - 2018-03-19T00:34:37.220Z] Session [475608b0-2b0d-11e8-8211-4b1b3b7dee10] - page.onError - msg: TypeError: 'undefined' is not an object (evaluating '$$$1.fn')
[33mselenium-phantomjs |[0m [ERROR - 2018-03-19T00:34:37.220Z] Session [475608b0-2b0d-11e8-8211-4b1b3b7dee10] - page.onError - stack:
[33mselenium-phantomjs |[0m   setTransitionEndSupport (http://www.sgc-tfgii.es/bootstrap-4.0.0/js/bootstrap.js:116)
[33mselenium-phantomjs |[0m   (anonymous function) (http://www.sgc-tfgii.es/bootstrap-4.0.0/js/bootstrap.js:191)
[33mselenium-phantomjs |[0m   (anonymous function) (http://www.sgc-tfgii.es/bootstrap-4.0.0/js/bootstrap.js:193)
[33mselenium-phantomjs |[0m   (anonymous function) (http://www.sgc-tfgii.es/bootstrap-4.0.0/js/bootstrap.js:9)
[33mselenium-phantomjs |[0m   (anonymous function) (http://www.sgc-tfgii.es/bootstrap-4.0.0/js/bootstrap.js:3893)
[36mselenium-hub      |[0m 16:34:47.189 INFO - Unregistering the node http://169.254.3.218:5555 because it's been down for 60084 milliseconds
[36mselenium-hub      |[0m 16:34:47.189 WARN - Cleaning up stale test sessions on the unregistered node http://169.254.3.218:5555
[36mselenium-hub      |[0m 16:34:47.702 INFO - Registered a node http://169.254.3.218:5555
[36mselenium-hub      |[0m 16:35:07.741 INFO - Marking the node http://169.254.3.218:5555 as down: cannot reach the node for 2 tries
[33mselenium-phantomjs |[0m [ERROR - 2018-03-19T00:35:12.375Z] WebElementLocator - _handleLocateCommand - Element(s) NOT Found: GAVE UP. Search Stop Time: 1521419712311
[33mselenium-phantomjs |[0m [ERROR - 2018-03-19T00:35:22.952Z] Session [475608b0-2b0d-11e8-8211-4b1b3b7dee10] - page.onError - msg: TypeError: 'undefined' is not an object (evaluating '$$$1.fn')
[33mselenium-phantomjs |[0m [ERROR - 2018-03-19T00:35:22.952Z] Session [475608b0-2b0d-11e8-8211-4b1b3b7dee10] - page.onError - stack:
[33mselenium-phantomjs |[0m   setTransitionEndSupport (http://www.sgc-tfgii.es/bootstrap-4.0.0/js/bootstrap.js:116)
[33mselenium-phantomjs |[0m   (anonymous function) (http://www.sgc-tfgii.es/bootstrap-4.0.0/js/bootstrap.js:191)
[33mselenium-phantomjs |[0m   (anonymous function) (http://www.sgc-tfgii.es/bootstrap-4.0.0/js/bootstrap.js:193)
[33mselenium-phantomjs |[0m   (anonymous function) (http://www.sgc-tfgii.es/bootstrap-4.0.0/js/bootstrap.js:9)
[33mselenium-phantomjs |[0m   (anonymous function) (http://www.sgc-tfgii.es/bootstrap-4.0.0/js/bootstrap.js:3893)
[36mselenium-hub      |[0m 16:35:28.046 INFO - Got a request to create a new session: Capabilities {browserName: phantomjs, javascriptEnabled: true, phantomjs.cli.args: [--ignore-ssl-errors=true, --ssl-protocol=tlsv1, --web-security=false, --webdriver-loglevel=OFF, --webdriver-loglevel=NONE], takesScreenshot: false, version: }
[36mselenium-hub      |[0m 16:35:28.046 INFO - Trying to create a new session on test slot {seleniumProtocol=WebDriver, browserName=phantomjs, maxInstances=1}
[33mselenium-phantomjs |[0m [INFO  - 2018-03-19T00:35:28.070Z] Session [6bf57de0-2b0d-11e8-8211-4b1b3b7dee10] - page.settings - {"XSSAuditingEnabled":false,"javascriptCanCloseWindows":true,"javascriptCanOpenWindows":true,"javascriptEnabled":true,"loadImages":true,"localToRemoteUrlAccessEnabled":false,"userAgent":"Mozilla/5.0 (Windows NT 6.2; WOW64) AppleWebKit/534.34 (KHTML, like Gecko) PhantomJS/1.9.7 Safari/534.34","webSecurityEnabled":true}
[33mselenium-phantomjs |[0m [INFO  - 2018-03-19T00:35:28.070Z] Session [6bf57de0-2b0d-11e8-8211-4b1b3b7dee10] - page.customHeaders:  - {}
[33mselenium-phantomjs |[0m [INFO  - 2018-03-19T00:35:28.070Z] Session [6bf57de0-2b0d-11e8-8211-4b1b3b7dee10] - Session.negotiatedCapabilities - {"browserName":"phantomjs","version":"1.9.7","driverName":"ghostdriver","driverVersion":"1.1.0","platform":"windows-8-32bit","javascriptEnabled":true,"takesScreenshot":false,"handlesAlerts":false,"databaseEnabled":false,"locationContextEnabled":false,"applicationCacheEnabled":false,"browserConnectionEnabled":false,"cssSelectorsEnabled":true,"webStorageEnabled":false,"rotatable":false,"acceptSslCerts":false,"nativeEvents":true,"proxy":{"proxyType":"direct"}}
[33mselenium-phantomjs |[0m [INFO  - 2018-03-19T00:35:28.070Z] SessionManagerReqHand - _postNewSessionCommand - New Session Created: 6bf57de0-2b0d-11e8-8211-4b1b3b7dee10
[33mselenium-phantomjs |[0m [ERROR - 2018-03-19T00:35:28.333Z] Session [6bf57de0-2b0d-11e8-8211-4b1b3b7dee10] - page.onError - msg: TypeError: 'undefined' is not an object (evaluating '$$$1.fn')
[33mselenium-phantomjs |[0m [ERROR - 2018-03-19T00:35:28.333Z] Session [6bf57de0-2b0d-11e8-8211-4b1b3b7dee10] - page.onError - stack:
[33mselenium-phantomjs |[0m   setTransitionEndSupport (http://www.sgc-tfgii.es/bootstrap-4.0.0/js/bootstrap.js:116)
[33mselenium-phantomjs |[0m   (anonymous function) (http://www.sgc-tfgii.es/bootstrap-4.0.0/js/bootstrap.js:191)
[33mselenium-phantomjs |[0m   (anonymous function) (http://www.sgc-tfgii.es/bootstrap-4.0.0/js/bootstrap.js:193)
[33mselenium-phantomjs |[0m   (anonymous function) (http://www.sgc-tfgii.es/bootstrap-4.0.0/js/bootstrap.js:9)
[33mselenium-phantomjs |[0m   (anonymous function) (http://www.sgc-tfgii.es/bootstrap-4.0.0/js/bootstrap.js:3893)
[33mselenium-phantomjs |[0m [ERROR - 2018-03-19T00:35:28.798Z] Session [6bf57de0-2b0d-11e8-8211-4b1b3b7dee10] - page.onError - msg: TypeError: 'undefined' is not an object (evaluating '$$$1.fn')
[33mselenium-phantomjs |[0m [ERROR - 2018-03-19T00:35:28.798Z] Session [6bf57de0-2b0d-11e8-8211-4b1b3b7dee10] - page.onError - stack:
[33mselenium-phantomjs |[0m   setTransitionEndSupport (http://www.sgc-tfgii.es/bootstrap-4.0.0/js/bootstrap.js:116)
[33mselenium-phantomjs |[0m   (anonymous function) (http://www.sgc-tfgii.es/bootstrap-4.0.0/js/bootstrap.js:191)
[33mselenium-phantomjs |[0m   (anonymous function) (http://www.sgc-tfgii.es/bootstrap-4.0.0/js/bootstrap.js:193)
[33mselenium-phantomjs |[0m   (anonymous function) (http://www.sgc-tfgii.es/bootstrap-4.0.0/js/bootstrap.js:9)
[33mselenium-phantomjs |[0m   (anonymous function) (http://www.sgc-tfgii.es/bootstrap-4.0.0/js/bootstrap.js:3893)
[33mselenium-phantomjs |[0m [ERROR - 2018-03-19T00:35:41.276Z] Session [6bf57de0-2b0d-11e8-8211-4b1b3b7dee10] - page.onError - msg: TypeError: 'undefined' is not an object (evaluating '$$$1.fn')
[33mselenium-phantomjs |[0m [ERROR - 2018-03-19T00:35:41.276Z] Session [6bf57de0-2b0d-11e8-8211-4b1b3b7dee10] - page.onError - stack:
[33mselenium-phantomjs |[0m   setTransitionEndSupport (http://www.sgc-tfgii.es/bootstrap-4.0.0/js/bootstrap.js:116)
[33mselenium-phantomjs |[0m   (anonymous function) (http://www.sgc-tfgii.es/bootstrap-4.0.0/js/bootstrap.js:191)
[33mselenium-phantomjs |[0m   (anonymous function) (http://www.sgc-tfgii.es/bootstrap-4.0.0/js/bootstrap.js:193)
[33mselenium-phantomjs |[0m   (anonymous function) (http://www.sgc-tfgii.es/bootstrap-4.0.0/js/bootstrap.js:9)
[33mselenium-phantomjs |[0m   (anonymous function) (http://www.sgc-tfgii.es/bootstrap-4.0.0/js/bootstrap.js:3893)
[33mselenium-phantomjs |[0m [ERROR - 2018-03-19T00:35:46.750Z] Session [6bf57de0-2b0d-11e8-8211-4b1b3b7dee10] - page.onError - msg: TypeError: 'undefined' is not an object (evaluating '$$$1.fn')
[33mselenium-phantomjs |[0m [ERROR - 2018-03-19T00:35:46.750Z] Session [6bf57de0-2b0d-11e8-8211-4b1b3b7dee10] - page.onError - stack:
[33mselenium-phantomjs |[0m   setTransitionEndSupport (http://www.sgc-tfgii.es/bootstrap-4.0.0/js/bootstrap.js:116)
[33mselenium-phantomjs |[0m   (anonymous function) (http://www.sgc-tfgii.es/bootstrap-4.0.0/js/bootstrap.js:191)
[33mselenium-phantomjs |[0m   (anonymous function) (http://www.sgc-tfgii.es/bootstrap-4.0.0/js/bootstrap.js:193)
[33mselenium-phantomjs |[0m   (anonymous function) (http://www.sgc-tfgii.es/bootstrap-4.0.0/js/bootstrap.js:9)
[33mselenium-phantomjs |[0m   (anonymous function) (http://www.sgc-tfgii.es/bootstrap-4.0.0/js/bootstrap.js:3893)
[36mselenium-hub      |[0m 16:36:07.824 INFO - Unregistering the node http://169.254.3.218:5555 because it's been down for 60083 milliseconds
[36mselenium-hub      |[0m 16:36:07.824 WARN - Cleaning up stale test sessions on the unregistered node http://169.254.3.218:5555
[36mselenium-hub      |[0m 16:36:08.259 INFO - Registered a node http://169.254.3.218:5555
[36mselenium-hub      |[0m 16:36:28.287 INFO - Marking the node http://169.254.3.218:5555 as down: cannot reach the node for 2 tries
[36mselenium-hub      |[0m 16:37:28.355 INFO - Unregistering the node http://169.254.3.218:5555 because it's been down for 60068 milliseconds
[36mselenium-hub      |[0m 16:37:28.355 WARN - Cleaning up stale test sessions on the unregistered node http://169.254.3.218:5555
[36mselenium-hub      |[0m 16:37:28.804 INFO - Registered a node http://169.254.3.218:5555
[36mselenium-hub      |[0m 16:37:48.828 INFO - Marking the node http://169.254.3.218:5555 as down: cannot reach the node for 2 tries
